// Vitest Snapshot v1, https://vitest.dev/guide/snapshot.html

exports[`Infoblock snapshot test 1`] = `"<article class="text-gray-400 text-sm text-light"><h4 class="flex items-center gap-2 text-xs"><svg class="text-sm" fill="none" role="img" stroke-width="2" xmlns="http://www.w3.org/2000/svg" stroke="currentColor" stroke-linecap="round" stroke-linejoin="round" viewBox="0 0 24 24" height="1em" width="1em" style="overflow: visible; color: currentcolor;"><path d="M12 2A10 10 0 1 0 12 22 10 10 0 1 0 12 2z"></path><path d="M12 16 12 12"></path><path d="M12 8 12.01 8"></path></svg> </h4><p class="pl-[22px]">InfoBlock content</p></article>"`;
