// Vitest Snapshot v1, https://vitest.dev/guide/snapshot.html

exports[`Switch snapshot test 1`] = `"<div role="group" id="switch-cl-12" data-checked="" class="switch"><label id="switch-cl-12-label" data-checked="" class="switch__label" for="switch-cl-12-input">Test label</label><input type="checkbox" role="checkbox" id="switch-cl-12-input" name="switch-cl-12" value="on" style="clip-path: inset(50%); height: 1px; margin: 0px -1px -1px 0px; overflow: hidden; padding: 0px; position: absolute; width: 1px; white-space: nowrap; border: 0px;" aria-checked="true" data-checked="" class="switch__input" aria-labelledby="switch-cl-12-label"><div data-checked="" id="switch-cl-12-control" class="switch__control"><div data-checked="" id="switch-cl-12-thumb" class="switch__thumb"></div></div></div>"`;
