// Vitest Snapshot v1, https://vitest.dev/guide/snapshot.html

exports[`Breadcrumbs snapshot test 1`] = `"<nav class="mb-4 select-none"><ol class="flex items-center gap-2"><li class="flex items-center"><a href="/breadcrumbs#" class="text-gray-600 active" link="" aria-current="page">Link 1</a><span class="ml-2">/</span></li><li class="flex items-center"><a href="/breadcrumbs#" class="text-blue-500 active" link="" aria-current="page">Link 2</a></li></ol></nav>"`;
